<html>
<body>
<pre>
<h1>礦ision Build Log</h1>
<h2>Tool Versions:</h2>
IDE-Version: μVision V5.24.2.0
Copyright (C) 2017 ARM Ltd and ARM Germany GmbH. All rights reserved.
License Information: zhou izh20, 1, LIC=14HKP-MS4CD-YVC1Y-I5TFK-YDSAG-LKK7Z
 
Tool Versions:
Toolchain:       MDK-ARM Plus  Version: 5.24.1
Toolchain Path:  D:\Keil_v5\ARM\ARMCC\Bin
C Compiler:      Armcc.exe V5.06 update 5 (build 528)
Assembler:       Armasm.exe V5.06 update 5 (build 528)
Linker/Locator:  ArmLink.exe V5.06 update 5 (build 528)
Library Manager: ArmAr.exe V5.06 update 5 (build 528)
Hex Converter:   FromElf.exe V5.06 update 5 (build 528)
CPU DLL:         SARMCM3.DLL V5.24.1
Dialog DLL:      DCM.DLL V1.16.0.0
Target DLL:      STLink\ST-LINKIII-KEIL_SWO.dll V3.0.1.0
Dialog DLL:      TCM.DLL V1.32.0.0
 
<h2>Project:</h2>
D:\RM资料\my_program\My_RM_Program-master\My_RM_Program\四轴程序——izh20V1.0\MDK-ARM\demo.uvprojx
Project File Date:  10/20/2018

<h2>Output:</h2>
*** Using Compiler 'V5.06 update 5 (build 528)', folder: 'D:\Keil_v5\ARM\ARMCC\Bin'
Build target 'demo'
compiling robomaster_control.c...
compiling SINS.c...
compiling pwm.c...
compiling bsp_can.c...
compiling robomaster_task.c...
compiling filter.c...
compiling bsp_imu.c...
bsp\bsp_imu.c(1060): warning:  #1035-D: single-precision operand implicitly converted to double-precision
          IMU_Dt=IMU_Delta.Time_Delta/1000.0;
bsp\bsp_imu.c(1175): warning:  #1035-D: single-precision operand implicitly converted to double-precision
                  BETADEF=Beta_Adjust[1]+0.01*Gyro_Length*IMU_Dt;
bsp\bsp_imu.c: 2 warnings, 0 errors
compiling calibration.c...
compiling stm32f4xx_it.c...
compiling main.c...
compiling tim.c...
linking...
Program Size: Code=23884 RO-data=708 RW-data=448 ZI-data=7288  
"demo\demo.axf" - 0 Error(s), 2 Warning(s).

<h2>Software Packages used:</h2>

Package Vendor: ARM
                http://www.keil.com/pack/ARM.CMSIS.5.0.1.pack
                ARM.CMSIS.5.0.1
                CMSIS (Cortex Microcontroller Software Interface Standard)
   * Component: CORE Version: 5.0.1

Package Vendor: Keil
                http://www.keil.com/pack/Keil.STM32F4xx_DFP.2.13.0.pack
                Keil.STM32F4xx_DFP.2.13.0
                STMicroelectronics STM32F4 Series Device Support, Drivers and Examples

<h2>Collection of Component include folders:</h2>
  .\RTE\_demo
  D:\Keil_v5\ARM\PACK\ARM\CMSIS\5.0.1\CMSIS\Include
  D:\Keil_v5\ARM\PACK\Keil\STM32F4xx_DFP\2.13.0\Drivers\CMSIS\Device\ST\STM32F4xx\Include

<h2>Collection of Component Files used:</h2>

   * Component: ARM::CMSIS:CORE:5.0.1
Build Time Elapsed:  00:00:26
</pre>
</body>
</html>
